// Jest Snapshot v1, https://goo.gl/fbAQLP

exports[`compiler: transform v-model simple expression 1`] = `
"const _Vue = Vue

return function render(_ctx, _cache) {
  with (_ctx) {
    const { resolveComponent: _resolveComponent, vModel: _vModel, withDirectives: _withDirectives, openBlock: _openBlock, createBlock: _createBlock } = _Vue

    const _component_TextField = _resolveComponent(\\"TextField\\")

    return _withDirectives((_openBlock(), _createBlock(_component_TextField, {
      \\"onUpdate:modelValue\\": $event => (model = $event)
    }, null, 8 /* PROPS */, [\\"onUpdate:modelValue\\"])), [
      [_vModel, model]
    ])
  }
}"
`;
