// Jest Snapshot v1, https://goo.gl/fbAQLP

exports[`compiler: v-show transform simple expression 1`] = `
"const _Vue = Vue

return function render(_ctx, _cache) {
  with (_ctx) {
    const { resolveComponent: _resolveComponent, vShow: _vShow, withDirectives: _withDirectives, openBlock: _openBlock, createBlock: _createBlock } = _Vue

    const _component_Label = _resolveComponent(\\"Label\\")

    return _withDirectives((_openBlock(), _createBlock(_component_Label, null, null, 512 /* NEED_PATCH */)), [
      [_vShow, a]
    ])
  }
}"
`;
